// Jest Snapshot v1, https://goo.gl/fbAQLP

exports[`Test should generate the correct schema 1`] = `
"schema {
  query: Query
}

directive @oneOf on OBJECT | INTERFACE

directive @globalOptions(sourceName: String, endpoint: String, operationHeaders: ObjMap, queryStringOptions: ObjMap, queryParams: ObjMap) on OBJECT

directive @httpOperation(path: String, operationSpecificHeaders: ObjMap, httpMethod: HTTPMethod, isBinary: Boolean, requestBaseBody: ObjMap, queryParamArgMap: ObjMap, queryStringOptionsByParam: ObjMap) on FIELD_DEFINITION

type Query @globalOptions(sourceName: "test") {
  some_path: some_path_200_response @httpOperation(path: "/some/path", operationSpecificHeaders: "{\\"accept\\":\\"application/json\\"}", httpMethod: GET)
}

union some_path_200_response = components_BasicPropertyOption | components_ArrayPropertyOption

type components_BasicPropertyOption {
  commonProperty: String
}

type components_ArrayPropertyOption {
  commonProperty: [String]
}

scalar ObjMap

enum HTTPMethod {
  GET
  HEAD
  POST
  PUT
  DELETE
  CONNECT
  OPTIONS
  TRACE
  PATCH
}"
`;
